img1
grape: malbec
region: mendoza
country: argentina

img2
grape: viognier
region: mclaren vale
country: australia

img3
grape: cabernet sauvignon
region: napa valley
country: california

img4
grape: malbec
region: mendoza
country: argentina

img5
grape: cabernet sauvignon
region: mendoza
country: argentina

img6
grape: chardonnay
region: napa valley
country: california

img7
grape: riesling
country: australia

img8
grape: zinfandel
region: paso robles
country: california

img9
grape: shiraz 
region: barossa valley
country: australia

img10
grape: cabernet sauvignon
country: california

img11
grape: cabernet sauvignon
region: stellenbosch
country: south africa

img12
grape: pinot noir
region: marlborough

img13
grape: cabernet sauvignon
region: napa valley

img14
grape: cabernet sauvignon
region: north fork of long island
country: new york

img15
grape: pinot noir
region: mendoza
country: argentina

img16
grape: chardonnay
region: russian river valley (sonoma county)

img17
grape: pinot gris
region: willamette valley
country: oregon

img18
grape: pinot noir
region: central otago
country: new zealand

img19
grape: chardonnay
region: margaret river
country: australia

img20
grape: sauvignon blanc
region: marlborough

img21
grape: chardonnay
region: russian river valley (sonoma county)

img22
grape: zinfandel
region: paso robles

img23
grape: zinfandel
country: california

img24
grape: cabernet sauvignon
region: napa valley

img25
grape: sauvignon blanc
region: napa valley

img26
grape: sauvignon blanc
region: alexander valley (sonoma county)

img27
grape: chardonnay
region: russian river valley (sonoma county)

img28
grape: malbec
country: argentina

img29
grape: malbec
region: mendoza
country: argentina

img30
grape: pinot noir
country: california

img31
grape: cabernet sauvignon
region: napa valley

img32
grape: torrentes
region: salta
country: argentina

img33
grape: sauvignon blanc
region: marlborough
country: new zealand

img34
grape: cabernet sauvignon
region: napa valley

img35
grape: pinot noir
country: california

img36
grape: merlot
region: napa valley

img37
grape: shiraz
region: adelaide hills

img38
grape: zinfandel
region: paso robles
country: california

img39
grape: riesling
region: monterey
country: california

img40
grape: cabernet sauvignon
region: mendocino county

img41
grape: cabernet sauvignon
region: napa valley

img42
grape: chardonnay
region: dundee hills

img43
grape: pinot gris
region: willamette valley

img44
grape: chardonnay
region: monterey county, santa barbara county

img45
grape: pinot noir
region: santa barbara county

img46
grape: malbec
region: san juan
country: argentina

img47
grape: cabernet sauvignon
region: columbia valley

img48
grape: riesling
country: washington

img49
grape: pinot noir
region: marlborough
country: new zealand

img50
grape: cabernet sauvignon
region: alexander valley

img51
grape: pinot noir
region: willamette valley

img52
grape: cabernet sauvignon
region: sonoma county

img53
grape: shiraz
country: australia

img54
grape: cabernet sauvignon
region: napa valley

img55
grape: chardonnay
region: napa valley

img56
grape: pinotage
region: stellenbosch
country: south africa

img57
grape: pinotage
region: western cape, stellenbosch
country: south africa

img58
grape: cabernet sauvignon
region: napa valley
country: california

img59
grape: pinot noir
region: central otago
country: new zealand

img60
grape: sauvignon blanc
region: marlborough
country: new zealand

img61
grape: sauvignon blanc
region: marlborough
country: new zealand

img62
grape: pinot noir
region: marlborough
country: new zealand

img63
grape: sauvignon blanc
region: marlborough
country: new zealand

img64
grape: pinot noir
region: willamette valley

img65
grape: pinot noir
region: willamette valley

img66
grape: malbec
region: mendoza
country: argentina

img67
grape: merlot
country: washington

img68
grape: malbec
region: mendoza
country: argentina

img69
grape: riesling
region: yakima valley

img70
grape: chardonnay
region: curico valley?
country: chile

img71
grape: carmenere
country: chile

img72
grape: torrentes
region: mendoza
country: argentina

img73
grape: pinot noir
region: willamette valley
country: oregon

img74
grape: chardonnay
region: columbia valley

img75
grape: merlot
region: columbia valley

img76
grape: cabernet sauvignon
region: walla walla valley
country: washington